// Jest Snapshot v1, https://goo.gl/fbAQLP

exports[`DataPlaceholder renders correctly 1`] = `
<p>
  
	Target Value: some string

</p>
`;
